---
source: crates/oxtail-highlight/tests/snapshots.rs
expression: "render(&[\"2026-09-29T12:00:01.123Z ERROR [worker-3] request 8f14e45f-ceea-467f-a0e6-3d4bd8f3c1a2 failed after 250 ms\",\n\"2026-09-29 12:00:01,456 WARN  Retrying https://example.com/api/v1/items?id=42 (attempt 3)\",\n\"12:00:01.500 INFO server listening on 10.0.0.5:8080 and [::1]\",\n\"12:00:02 DEBUG loaded /etc/oxtail/config.toml:12 in 0.5s\",\n\"12:00:03 TRACE tick\", \"12:00:04 FATAL out of memory, exiting\",\n\"connect to [2001:db8::1]:443 failed: timeout (fe80::1ff:fe23:4567:890a)\",])"
---
[muted|2026-09-29T12:00:01.123Z] [error+b|ERROR] [worker-[accent7|3]] request [accent4|8f14e45f-ceea-467f-a0e6-3d4bd8f3c1a2] failed after [accent7|250] ms
  (line=/error.subtle, minimap=error, gutter=error)
[muted|2026-09-29 12:00:01,456] [warn+b|WARN]  Retrying [accent2+u|https://example.com/api/v1/items?id=42] (attempt [accent7|3])
  (minimap=warn, gutter=warn)
[muted|12:00:01.500] [info|INFO] server listening on [accent3|10.0.0.5:8080] and [[accent3|::1]]
[muted|12:00:02] [debug|DEBUG] loaded [accent6|/etc/oxtail/config.toml:12] in [accent7|0.5]s
[muted|12:00:03] [trace|TRACE] tick
[muted|12:00:04] [error/error.subtle+b|FATAL] out of memory, exiting
  (line=/error.subtle, minimap=error, gutter=error)
connect to [[accent3|2001:db8::1]]:[accent7|443] failed: timeout ([accent3|fe80::1ff:fe23:4567:890a])
